// Jest Snapshot v1, https://goo.gl/fbAQLP

exports[`App render app 1`] = `
<div>
  <header
    className="App-header"
    style={
      Object {
        "backgroundImage": "url(test-file-stub)",
      }
    }
  >
    <h3
      alt="logo"
      className="App-logo"
    >
      netflixroulette
    </h3>
    <div>
      <h1
        className="App-title"
      >
        Find your movie
      </h1>
      <input
        className="searchBar"
        onChange={[Function]}
        type="text"
        value=""
      />
    </div>
    <div
      className="searchby"
    >
      <span
        className="title"
      >
        search by
      </span>
      <label
        className="sTitle"
      >
        <input
          name="toggle"
          onClick={[Function]}
          type="radio"
        />
        <span>
          title
        </span>
      </label>
      <label
        className="sGenre"
      >
        <input
          name="toggle"
          onClick={[Function]}
          type="radio"
        />
        <span>
          genre
        </span>
      </label>
      <div>
        <input
          className="searchButton"
          onClick={[Function]}
          type="button"
          value="SEARCH"
        />
      </div>
    </div>
  </header>
  <div
    className="statusBar"
  >
    <span>
       
      4
       movies found 
    </span>
    <div
      className="searchby"
    >
      <span
        className="title"
      >
        Sort by
      </span>
      <label>
        <input
          id="date"
          name="sorting"
          onClick={[Function]}
          type="radio"
          value="date"
        />
        <label
          htmlFor="date"
        >
          release date
        </label>
      </label>
      <label>
        <input
          id="rate"
          name="sorting"
          onClick={[Function]}
          type="radio"
          value="rate"
        />
        <label
          htmlFor="rate"
        >
          rating
        </label>
      </label>
    </div>
  </div>
  <div
    className="resultBody"
  >
    <div
      className="movieItem"
      onClick={[Function]}
    >
      <img
        src="test-file-stub"
      />
      <div
        className="movieDescription"
      >
        <span
          className="title"
        >
          Kill bill v.1
        </span>
        <div
          className="year"
        >
          2004
        </div>
        <p>
          Action & Adventure
        </p>
      </div>
    </div>
    <div
      className="movieItem"
      onClick={[Function]}
    >
      <img
        src="test-file-stub"
      />
      <div
        className="movieDescription"
      >
        <span
          className="title"
        >
          Kill bill v.2
        </span>
        <div
          className="year"
        >
          2003
        </div>
        <p>
          Action & Adventure
        </p>
      </div>
    </div>
    <div
      className="movieItem"
      onClick={[Function]}
    >
      <img
        src="test-file-stub"
      />
      <div
        className="movieDescription"
      >
        <span
          className="title"
        >
          Pulp fiction
        </span>
        <div
          className="year"
        >
          1994
        </div>
        <p>
          Oscar-winning movies
        </p>
      </div>
    </div>
    <div
      className="movieItem"
      onClick={[Function]}
    >
      <img
        src="test-file-stub"
      />
      <div
        className="movieDescription"
      >
        <span
          className="title"
        >
          Jackie Brown
        </span>
        <div
          className="year"
        >
          1997
        </div>
        <p>
          Dramas
        </p>
      </div>
    </div>
  </div>
  <footer>
    <h3
      className="App-logo"
    >
      netflixroulette
    </h3>
  </footer>
</div>
`;
